aarch64_sha2_detected=true
paths,baseline,allocations=0,bytes=0,population=178
paths,current,allocations=0,bytes=0,population=178
paths,sha2,allocations=0,bytes=0,population=178
paths,unbatched,allocations=0,bytes=0,population=178
paths,ring,allocations=0,bytes=0,population=178
bytes-0,baseline,allocations=0,bytes=0,population=1
bytes-0,current,allocations=0,bytes=0,population=1
bytes-0,sha2,allocations=0,bytes=0,population=1
bytes-0,unbatched,allocations=0,bytes=0,population=1
bytes-0,ring,allocations=0,bytes=0,population=1
bytes-8,baseline,allocations=0,bytes=0,population=1
bytes-8,current,allocations=0,bytes=0,population=1
bytes-8,sha2,allocations=0,bytes=0,population=1
bytes-8,unbatched,allocations=0,bytes=0,population=1
bytes-8,ring,allocations=0,bytes=0,population=1
bytes-32,baseline,allocations=0,bytes=0,population=1
bytes-32,current,allocations=0,bytes=0,population=1
bytes-32,sha2,allocations=0,bytes=0,population=1
bytes-32,unbatched,allocations=0,bytes=0,population=1
bytes-32,ring,allocations=0,bytes=0,population=1
bytes-55,baseline,allocations=0,bytes=0,population=1
bytes-55,current,allocations=0,bytes=0,population=1
bytes-55,sha2,allocations=0,bytes=0,population=1
bytes-55,unbatched,allocations=0,bytes=0,population=1
bytes-55,ring,allocations=0,bytes=0,population=1
bytes-56,baseline,allocations=0,bytes=0,population=1
bytes-56,current,allocations=0,bytes=0,population=1
bytes-56,sha2,allocations=0,bytes=0,population=1
bytes-56,unbatched,allocations=0,bytes=0,population=1
bytes-56,ring,allocations=0,bytes=0,population=1
bytes-63,baseline,allocations=0,bytes=0,population=1
bytes-63,current,allocations=0,bytes=0,population=1
bytes-63,sha2,allocations=0,bytes=0,population=1
bytes-63,unbatched,allocations=0,bytes=0,population=1
bytes-63,ring,allocations=0,bytes=0,population=1
bytes-64,baseline,allocations=0,bytes=0,population=1
bytes-64,current,allocations=0,bytes=0,population=1
bytes-64,sha2,allocations=0,bytes=0,population=1
bytes-64,unbatched,allocations=0,bytes=0,population=1
bytes-64,ring,allocations=0,bytes=0,population=1
bytes-65,baseline,allocations=0,bytes=0,population=1
bytes-65,current,allocations=0,bytes=0,population=1
bytes-65,sha2,allocations=0,bytes=0,population=1
bytes-65,unbatched,allocations=0,bytes=0,population=1
bytes-65,ring,allocations=0,bytes=0,population=1
bytes-119,baseline,allocations=0,bytes=0,population=1
bytes-119,current,allocations=0,bytes=0,population=1
bytes-119,sha2,allocations=0,bytes=0,population=1
bytes-119,unbatched,allocations=0,bytes=0,population=1
bytes-119,ring,allocations=0,bytes=0,population=1
bytes-120,baseline,allocations=0,bytes=0,population=1
bytes-120,current,allocations=0,bytes=0,population=1
bytes-120,sha2,allocations=0,bytes=0,population=1
bytes-120,unbatched,allocations=0,bytes=0,population=1
bytes-120,ring,allocations=0,bytes=0,population=1
bytes-127,baseline,allocations=0,bytes=0,population=1
bytes-127,current,allocations=0,bytes=0,population=1
bytes-127,sha2,allocations=0,bytes=0,population=1
bytes-127,unbatched,allocations=0,bytes=0,population=1
bytes-127,ring,allocations=0,bytes=0,population=1
bytes-128,baseline,allocations=0,bytes=0,population=1
bytes-128,current,allocations=0,bytes=0,population=1
bytes-128,sha2,allocations=0,bytes=0,population=1
bytes-128,unbatched,allocations=0,bytes=0,population=1
bytes-128,ring,allocations=0,bytes=0,population=1
bytes-256,baseline,allocations=0,bytes=0,population=1
bytes-256,current,allocations=0,bytes=0,population=1
bytes-256,sha2,allocations=0,bytes=0,population=1
bytes-256,unbatched,allocations=0,bytes=0,population=1
bytes-256,ring,allocations=0,bytes=0,population=1
bytes-1024,baseline,allocations=0,bytes=0,population=1
bytes-1024,current,allocations=0,bytes=0,population=1
bytes-1024,sha2,allocations=0,bytes=0,population=1
bytes-1024,unbatched,allocations=0,bytes=0,population=1
bytes-1024,ring,allocations=0,bytes=0,population=1
bytes-16384,baseline,allocations=0,bytes=0,population=1
bytes-16384,current,allocations=0,bytes=0,population=1
bytes-16384,sha2,allocations=0,bytes=0,population=1
bytes-16384,unbatched,allocations=0,bytes=0,population=1
bytes-16384,ring,allocations=0,bytes=0,population=1
bytes-1048576,baseline,allocations=0,bytes=0,population=1
bytes-1048576,current,allocations=0,bytes=0,population=1
bytes-1048576,sha2,allocations=0,bytes=0,population=1
bytes-1048576,unbatched,allocations=0,bytes=0,population=1
bytes-1048576,ring,allocations=0,bytes=0,population=1
